
> @pat-lewczuk/cezar@0.1.5 build
> tsc && npm run build:web && npm run check:pack


> @pat-lewczuk/cezar@0.1.5 build:web
> vite build --config web/app/vite.config.ts

vite v8.1.4 building client environment for production...
[2Ktransforming...✓ 2430 modules transformed.
rendering chunks...
computing gzip size...
web/dist/assets/open-mercato-toBr6SOa.svg                              2.30 kB │ gzip:   1.13 kB
web/dist/index.html                                                    3.98 kB │ gzip:   1.41 kB
web/dist/assets/jetbrains-mono-latin-ext-wght-normal-DBQx-q_a.woff2   15.19 kB
web/dist/assets/jetbrains-mono-latin-wght-normal-B9CIFXIH.woff2       40.40 kB
web/dist/assets/inter-latin-wght-normal-Dx4kXJAl.woff2                48.25 kB
web/dist/assets/inter-latin-ext-wght-normal-DO1Apj_S.woff2            85.06 kB
web/dist/assets/index-Cy6JeZeh.css                                    88.39 kB │ gzip:  16.20 kB
web/dist/assets/mermaid-GHXKKRXX-DM2VsGBG.js                           0.07 kB │ gzip:   0.08 kB
web/dist/assets/x-Br_jIDBw.js                                          0.14 kB │ gzip:   0.14 kB
web/dist/assets/arrow-left-BE957rJs.js                                 0.15 kB │ gzip:   0.15 kB
web/dist/assets/loader-circle-BV3DO9mE.js                              0.20 kB │ gzip:   0.18 kB
web/dist/assets/upload-Bp7hQxll.js                                     0.21 kB │ gzip:   0.18 kB
web/dist/assets/square-terminal-B6PZX4Qp.js                            0.23 kB │ gzip:   0.19 kB
web/dist/assets/search-x-CoCyl7zT.js                                   0.24 kB │ gzip:   0.19 kB
web/dist/assets/triangle-alert-6su4Js5O.js                             0.25 kB │ gzip:   0.20 kB
web/dist/assets/file-BVuztAOd.js                                       0.25 kB │ gzip:   0.20 kB
web/dist/assets/git-pull-request-DJkAMT0f.js                           0.27 kB │ gzip:   0.21 kB
web/dist/assets/refresh-cw-DCa-Rlwz.js                                 0.31 kB │ gzip:   0.21 kB
web/dist/assets/folder-0pJ1NZ_S.js                                     0.39 kB │ gzip:   0.26 kB
web/dist/assets/trash-2-CDtxmmc8.js                                    0.50 kB │ gzip:   0.30 kB
web/dist/assets/highlighted-body-OFNGDK62-DGHHie_q.js                  0.52 kB │ gzip:   0.35 kB
web/dist/assets/tab-link-Bha1czRR.js                                   0.71 kB │ gzip:   0.45 kB
web/dist/assets/skills-CdsfNlGs.js                                     1.03 kB │ gzip:   0.55 kB
web/dist/assets/markdown-D4-ADgH9.js                                   1.07 kB │ gzip:   0.62 kB
web/dist/assets/utils-rQGbOrwc.js                                      1.49 kB │ gzip:   0.84 kB
web/dist/assets/diff-woXpYk--.js                                       2.56 kB │ gzip:   0.68 kB
web/dist/assets/dialog-DkW4zrQ0.js                                     2.59 kB │ gzip:   0.97 kB
web/dist/assets/json-qhed-kSA.js                                       2.81 kB │ gzip:   0.77 kB
web/dist/assets/jsonc-CYpm1nAK.js                                      3.10 kB │ gzip:   0.78 kB
web/dist/assets/react-dom-Ddtik4qM.js                                  3.54 kB │ gzip:   1.34 kB
web/dist/assets/skill-detail-ChH1il-r.js                               3.71 kB │ gzip:   1.55 kB
web/dist/assets/highlighter-BKVEsACy.js                                3.87 kB │ gzip:   1.58 kB
web/dist/assets/dist-BXzq1ldn.js                                       4.21 kB │ gzip:   1.54 kB
web/dist/assets/task-commits-DxcSrN18.js                               4.25 kB │ gzip:   1.64 kB
web/dist/assets/tasks-table-U6uLrLGU.js                                4.43 kB │ gzip:   1.84 kB
web/dist/assets/use-desktop-Di_Mlcl1.js                                5.49 kB │ gzip:   2.21 kB
web/dist/assets/skills-v73cDZFi.js                                     5.96 kB │ gzip:   2.19 kB
web/dist/assets/compare-variants-BixGcwft.js                           6.33 kB │ gzip:   2.48 kB
web/dist/assets/git-toolbar-DxwP1o0a.js                                6.62 kB │ gzip:   2.47 kB
web/dist/assets/task-changes-Dm7lrLwh.js                               6.84 kB │ gzip:   2.83 kB
web/dist/assets/prompt-templates-mWtA2QRs.js                           7.79 kB │ gzip:   3.00 kB
web/dist/assets/run-diff-DTqRyLAd.js                                   8.05 kB │ gzip:   2.99 kB
web/dist/assets/task-files-Bw62frr6.js                                 9.55 kB │ gzip:   3.31 kB
web/dist/assets/yaml-rwi0_p6S.js                                      10.49 kB │ gzip:   2.26 kB
web/dist/assets/diff-view-hO29HW8W.js                                 11.50 kB │ gzip:   3.99 kB
web/dist/assets/repo-git-xyM8d1pi.js                                  11.89 kB │ gzip:   3.67 kB
web/dist/assets/command-Bgysu8Nv.js                                   14.46 kB │ gzip:   5.41 kB
web/dist/assets/rust-Cfkwpbl8.js                                      15.06 kB │ gzip:   2.71 kB
web/dist/assets/lib-CNGa3Dig.js                                       19.06 kB │ gzip:   6.56 kB
web/dist/assets/run-header-BJ7am58A.js                                19.94 kB │ gzip:   6.74 kB
web/dist/assets/github-DeibV6YA.js                                    20.95 kB │ gzip:   6.67 kB
web/dist/assets/sql-BsFa4tDR.js                                       23.42 kB │ gzip:   7.45 kB
web/dist/assets/dist-BpvaYBnG.js                                      26.75 kB │ gzip:  10.34 kB
web/dist/assets/bundle-mjs-DLPpRFyl.js                                37.97 kB │ gzip:  12.66 kB
web/dist/assets/shellscript-CLZ0U2zV.js                               41.47 kB │ gzip:   6.07 kB
web/dist/assets/go-rLFTqkRN.js                                        46.81 kB │ gzip:   5.14 kB
web/dist/assets/task-thread-BgB6_Q9f.js                               48.78 kB │ gzip:  17.04 kB
web/dist/assets/css-BsVw1vtW.js                                       49.03 kB │ gzip:  11.90 kB
web/dist/assets/html-BY76lXLH.js                                      57.24 kB │ gzip:  11.74 kB
web/dist/assets/engine-javascript-FQvzRocB.js                         57.63 kB │ gzip:  20.18 kB
web/dist/assets/markdown-BYOwaDjH.js                                  59.32 kB │ gzip:   5.66 kB
web/dist/assets/workflows-Dh207Hxh.js                                 68.34 kB │ gzip:  21.77 kB
web/dist/assets/python-gzcpVVnB.js                                    69.94 kB │ gzip:   9.09 kB
web/dist/assets/core-BuMqAF_1.js                                      93.03 kB │ gzip:  29.18 kB
web/dist/assets/centered-state-CSeM60SY.js                           112.97 kB │ gzip:  37.09 kB
web/dist/assets/javascript-BgS3c2Ky.js                               174.82 kB │ gzip:  16.62 kB
web/dist/assets/tsx-udAQXfEw.js                                      175.52 kB │ gzip:  16.62 kB
web/dist/assets/jsx-Bz0zcwM4.js                                      177.78 kB │ gzip:  16.71 kB
web/dist/assets/typescript-bsJCZSQ-.js                               181.07 kB │ gzip:  16.23 kB
web/dist/assets/index-CfEp7R-z.js                                    364.13 kB │ gzip: 106.86 kB
web/dist/assets/chunk-BO2N2NFS-f5igTtpB.js                           429.73 kB │ gzip: 130.12 kB

✓ built in 457ms

> @pat-lewczuk/cezar@0.1.5 check:pack
> node scripts/check-pack.mjs

check:pack ok — 249 files, 71 under web/dist (shell + assets present)
