
> @pat-lewczuk/cezar@0.1.5 test:e2e
> sh .ai/scripts/e2e.sh

[test-env] building (npm run build)
[test-env] starting cezar on http://127.0.0.1:34081 (CEZ_DRY_RUN=1)
[test-env] healthy after 1s
TEST_ENV_STATUS=running
TEST_ENV_BASE_URL=http://127.0.0.1:34081
TEST_ENV_DESCRIPTOR=.ai/qa/test-env.json
TEST_ENV_REUSED=0
BROWSER_PROVIDER=agent-browser
BROWSER_INSTALLED=1

 RUN  v4.1.10 /home/pkarw/Projects/cezar/.ai/tmp/om-auto-continue-pr-loop/pr-486-20260718-045544/web/app/e2e

 ❯ |e2e| task-thread.e2e.ts (20 tests | 1 failed) 5195ms
     × tabs point at the routed Session/Changes/Files surfaces; the done run offers the closed-run actions 39ms
 ❯ |e2e| quick-list.e2e.ts (16 tests) 5146ms
 ❯ |e2e| task-changes.e2e.ts (6 tests | 2 failed) 6444ms
     × the toolbar comes from the policy: View PR primary (the run already has a PR), Commit + Push, kebab 59ms
     × below md the segments stay tappable and the diff forces unified+wrap (toggles gone) 628ms
 ❯ |e2e| review-gate.e2e.ts (5 tests | 1 failed) 7820ms
     × shows the banner and the real worktree diff as per-file sections 160ms
 ❯ |e2e| task-files.e2e.ts (4 tests | 1 failed) 5409ms
     × below md the columns stack, the tree stays usable, and nothing overflows sideways 518ms
 ❯ |e2e| repo-git.e2e.ts (5 tests | 1 failed) 5795ms
     × /git/branches renders the live branch list with the checkout marked current 612ms
 ❯ |e2e| github.e2e.ts (4 tests | 1 failed) 3463ms
     × opens an issue’s detail: meta, labels, markdown body, hand-to-agent dropdowns 475ms
 ❯ |e2e| settings-bookmarklets.e2e.ts (5 tests | 2 failed) 2374ms
     × the generic launcher bakes the protected /new grammar with the server real launch key 52ms
     × the legacy /settings/skills?skill=__bm entry point still opens the same generator 487ms
 ❯ |e2e| settings-skills.e2e.ts (3 tests | 1 failed) 28069ms
     × the pinned bookmarklet panel generates javascript: launchers against /new 25089ms
 ❯ |e2e| settings-appearance.e2e.ts (4 tests | 1 failed) 1586ms
     × the shell renders the registry sections — hidden ones absent, active one marked 208ms

⎯⎯⎯⎯⎯⎯ Failed Suites 1 ⎯⎯⎯⎯⎯⎯⎯

 FAIL  |e2e| quick-list.e2e.ts > empty quick-list
Error: ENOTEMPTY, Directory not empty: /tmp/cezar-e2e-empty-JZv4hB '/tmp/cezar-e2e-empty-JZv4hB'
 ❯ quick-list.e2e.ts:527:20
    525|   afterAll(() => {
    526|     emptyServer?.kill()
    527|     if (emptyRoot) rmSync(emptyRoot, { recursive: true, force: true })
       |                    ^
    528|   })
    529|

⎯⎯⎯⎯⎯⎯⎯⎯⎯⎯⎯⎯⎯⎯⎯⎯⎯⎯⎯⎯⎯⎯⎯[1/12]⎯


⎯⎯⎯⎯⎯⎯ Failed Tests 11 ⎯⎯⎯⎯⎯⎯⎯

 FAIL  |e2e| github.e2e.ts > the GitHub tab against the live dry-run server > opens an issue’s detail: meta, labels, markdown body, hand-to-agent dropdowns
Error: cezar e2e: agent-browser click [data-slot="gh-row"][data-number="142"] failed
 ❯ AgentBrowser.run agent-browser.ts:62:13
     60|       })
     61|     } catch (cause) {
     62|       throw new Error(`cezar e2e: agent-browser ${args.join(' ')} fail…
       |             ^
     63|     }
     64|     const parsed = JSON.parse(stdout) as { success: boolean; data?: un…
 ❯ AgentBrowser.click agent-browser.ts:155:10
 ❯ github.e2e.ts:109:13

Caused by: Error: Command failed: /home/pkarw/.local/bin/agent-browser --session e2e-github-756483 click [data-slot="gh-row"][data-number="142"] --json
 ❯ AgentBrowser.run agent-browser.ts:55:16
 ❯ AgentBrowser.click agent-browser.ts:155:10
 ❯ github.e2e.ts:109:13

⎯⎯⎯⎯⎯⎯⎯⎯⎯⎯⎯⎯⎯⎯⎯⎯⎯⎯⎯⎯⎯⎯⎯⎯⎯⎯⎯⎯⎯⎯
Serialized Error: { status: 1, signal: null, output: [ null, '{"success":false,"data":null,"error":"Element not found. Verify the selector is correct and the element exists in the DOM."}\n', '' ], pid: 756854, stdout: '{"success":false,"data":null,"error":"Element not found. Verify the selector is correct and the element exists in the DOM."}\n', stderr: '' }
⎯⎯⎯⎯⎯⎯⎯⎯⎯⎯⎯⎯⎯⎯⎯⎯⎯⎯⎯⎯⎯⎯⎯[2/12]⎯

 FAIL  |e2e| repo-git.e2e.ts > the repo view against the live dry-run server > /git/branches renders the live branch list with the checkout marked current
AssertionError: expected +0 to be 1 // Object.is equality

- Expected
+ Received

- 1
+ 0

 ❯ repo-git.e2e.ts:141:59
    139|     expect(browser.count('[data-slot="branch-row"]')).toBe(repo.branch…
    140|     // Exactly the current branch wears the marker (READ-ONLY: nothing…
    141|     expect(browser.count('[data-slot="branch-current"]')).toBe(1)
       |                                                           ^
    142|     expect(
    143|       browser.evaluate(

⎯⎯⎯⎯⎯⎯⎯⎯⎯⎯⎯⎯⎯⎯⎯⎯⎯⎯⎯⎯⎯⎯⎯[3/12]⎯

 FAIL  |e2e| review-gate.e2e.ts > the review gate against a live parked run > shows the banner and the real worktree diff as per-file sections
Error: cezar e2e: agent-browser is visible [data-slot="review-panel"] [data-slot="pr-link"] failed
 ❯ AgentBrowser.run agent-browser.ts:62:13
     60|       })
     61|     } catch (cause) {
     62|       throw new Error(`cezar e2e: agent-browser ${args.join(' ')} fail…
       |             ^
     63|     }
     64|     const parsed = JSON.parse(stdout) as { success: boolean; data?: un…
 ❯ AgentBrowser.isVisible agent-browser.ts:96:17
 ❯ review-gate.e2e.ts:133:20

Caused by: Error: Command failed: /home/pkarw/.local/bin/agent-browser --session e2e-review-753230 is visible [data-slot="review-panel"] [data-slot="pr-link"] --json
 ❯ AgentBrowser.run agent-browser.ts:55:16
 ❯ AgentBrowser.isVisible agent-browser.ts:96:17
 ❯ review-gate.e2e.ts:133:20

⎯⎯⎯⎯⎯⎯⎯⎯⎯⎯⎯⎯⎯⎯⎯⎯⎯⎯⎯⎯⎯⎯⎯⎯⎯⎯⎯⎯⎯⎯
Serialized Error: { status: 1, signal: null, output: [ null, '{"success":false,"data":null,"error":"Element not found. Verify the selector is correct and the element exists in the DOM."}\n', '' ], pid: 753686, stdout: '{"success":false,"data":null,"error":"Element not found. Verify the selector is correct and the element exists in the DOM."}\n', stderr: '' }
⎯⎯⎯⎯⎯⎯⎯⎯⎯⎯⎯⎯⎯⎯⎯⎯⎯⎯⎯⎯⎯⎯⎯[4/12]⎯

 FAIL  |e2e| settings-appearance.e2e.ts > settings → appearance against the live dry-run server > the shell renders the registry sections — hidden ones absent, active one marked
AssertionError: expected +0 to be 1 // Object.is equality

- Expected
+ Received

- 1
+ 0

 ❯ settings-appearance.e2e.ts:63:61
     61|     const nav = '[data-slot="settings-nav"]'
     62|     expect(browser.count(`${nav} [data-section]`)).toBe(6)
     63|     expect(browser.count(`${nav} [data-section="skills"]`)).toBe(1)
       |                                                             ^
     64|     expect(browser.count(`${nav} [data-section="bookmarklets"]`)).toBe…
     65|     expect(browser.count(`${nav} [data-section="agents"]`)).toBe(1)

⎯⎯⎯⎯⎯⎯⎯⎯⎯⎯⎯⎯⎯⎯⎯⎯⎯⎯⎯⎯⎯⎯⎯[5/12]⎯

 FAIL  |e2e| settings-bookmarklets.e2e.ts > settings → bookmarklets against the live dry-run server > the generic launcher bakes the protected /new grammar with the server real launch key
AssertionError: expected 'javascript:(()=>{const m=location.hre…' to contain '\'/new?\'+q'

Expected: "'/new?'+q"
Received: "javascript:(()=>{const m=location.href.match(/^https:\/\/github\.com\/([^\/]+)\/([^\/]+)\/(pull|issues)\/\d+/);if(!m){alert('Open a GitHub PR or issue first');return;}const q='auto=0&key=6b14abb8-ad83-4efc-9c2b-47dd2173ddd3&ref='+encodeURIComponent(location.href);open('http://127.0.0.1:34081/new?'+q,'_blank');})();"

 ❯ settings-bookmarklets.e2e.ts:101:21
     99|
    100|     // The protected deep-link grammar (BACKWARD_COMPATIBILITY.md §1),…
    101|     expect(generic).toContain(`'/new?'+q`)
       |                     ^
    102|     expect(generic).toMatch(/auto=0&key=[^&]+&ref=/)
    103|     // A real key, not the empty-string fallback of a failed fetch.

⎯⎯⎯⎯⎯⎯⎯⎯⎯⎯⎯⎯⎯⎯⎯⎯⎯⎯⎯⎯⎯⎯⎯[6/12]⎯

 FAIL  |e2e| settings-bookmarklets.e2e.ts > settings → bookmarklets against the live dry-run server > the legacy /settings/skills?skill=__bm entry point still opens the same generator
AssertionError: expected 'javascript:(()=>{const m=location.hre…' to contain '\'/new?\'+q'

Expected: "'/new?'+q"
Received: "javascript:(()=>{const m=location.href.match(/^https:\/\/github\.com\/([^\/]+)\/([^\/]+)\/(pull|issues)\/\d+/);if(!m){alert('Open a GitHub PR or issue first');return;}const q='auto=0&key=6b14abb8-ad83-4efc-9c2b-47dd2173ddd3&ref='+encodeURIComponent(location.href);open('http://127.0.0.1:34081/new?'+q,'_blank');})();"

 ❯ settings-bookmarklets.e2e.ts:154:42
    152|     browser.waitForFunction(`document.querySelector('[data-slot="bookm…
    153|     waitForGeneratedHref(linkIn('bm-generic'))
    154|     expect(hrefOf(linkIn('bm-generic'))).toContain(`'/new?'+q`)
       |                                          ^
    155|   })
    156| })

⎯⎯⎯⎯⎯⎯⎯⎯⎯⎯⎯⎯⎯⎯⎯⎯⎯⎯⎯⎯⎯⎯⎯[7/12]⎯

 FAIL  |e2e| settings-skills.e2e.ts > settings → skills against the live dry-run server > the pinned bookmarklet panel generates javascript: launchers against /new
Error: cezar e2e: agent-browser wait --fn document.querySelector('[data-slot="bookmarklet-panel"]') !== null failed
 ❯ AgentBrowser.run agent-browser.ts:62:13
     60|       })
     61|     } catch (cause) {
     62|       throw new Error(`cezar e2e: agent-browser ${args.join(' ')} fail…
       |             ^
     63|     }
     64|     const parsed = JSON.parse(stdout) as { success: boolean; data?: un…
 ❯ AgentBrowser.waitForFunction agent-browser.ts:114:10
 ❯ settings-skills.e2e.ts:122:13

Caused by: Error: Command failed: /home/pkarw/.local/bin/agent-browser --session e2e-settings-skills-757550 wait --fn document.querySelector('[data-slot="bookmarklet-panel"]') !== null --json
 ❯ AgentBrowser.run agent-browser.ts:55:16
 ❯ AgentBrowser.waitForFunction agent-browser.ts:114:10
 ❯ settings-skills.e2e.ts:122:13

⎯⎯⎯⎯⎯⎯⎯⎯⎯⎯⎯⎯⎯⎯⎯⎯⎯⎯⎯⎯⎯⎯⎯⎯⎯⎯⎯⎯⎯⎯
Serialized Error: { status: 1, signal: null, output: [ null, '{"success":false,"data":null,"error":"Wait timed out after 25000ms"}\n', '' ], pid: 757918, stdout: '{"success":false,"data":null,"error":"Wait timed out after 25000ms"}\n', stderr: '' }
⎯⎯⎯⎯⎯⎯⎯⎯⎯⎯⎯⎯⎯⎯⎯⎯⎯⎯⎯⎯⎯⎯⎯[8/12]⎯

 FAIL  |e2e| task-changes.e2e.ts > the Changes tab against a live dry run > the toolbar comes from the policy: View PR primary (the run already has a PR), Commit + Push, kebab
AssertionError: expected [ …(3) ] to deeply equal [ …(3) ]

- Expected
+ Received

  [
    {
      "disabled": false,
-     "id": "commit",
+     "id": "push",
    },
    {
      "disabled": false,
-     "id": "push",
+     "id": "create-pr",
    },
    {
      "disabled": false,
-     "id": "view-pr",
+     "id": "commit",
    },
  ]

 ❯ task-changes.e2e.ts:170:21
    168|     // The dry-run engine spotted the mock's PR URL, so the policy is …
    169|     // the primary, Commit and Push sit beside it, Create PR is gone.
    170|     expect(actions).toEqual([
       |                     ^
    171|       { id: 'commit', disabled: false },
    172|       { id: 'push', disabled: false },

⎯⎯⎯⎯⎯⎯⎯⎯⎯⎯⎯⎯⎯⎯⎯⎯⎯⎯⎯⎯⎯⎯⎯[9/12]⎯

 FAIL  |e2e| task-changes.e2e.ts > the Changes tab against a live dry run > below md the segments stay tappable and the diff forces unified+wrap (toggles gone)
AssertionError: expected 4 to be 3 // Object.is equality

- Expected
+ Received

- 3
+ 4

 ❯ task-changes.e2e.ts:256:55
    254|     ).toBe(true)
    255|     // The tabs remain a tappable segment row and the page does not ov…
    256|     expect(browser.count('[data-slot="run-tabs"] a')).toBe(3)
       |                                                       ^
    257|     expect(browser.evaluate(`document.documentElement.scrollWidth <= w…
    258|

⎯⎯⎯⎯⎯⎯⎯⎯⎯⎯⎯⎯⎯⎯⎯⎯⎯⎯⎯⎯⎯⎯[10/12]⎯

 FAIL  |e2e| task-files.e2e.ts > the Files tab against a live dry-run worktree > below md the columns stack, the tree stays usable, and nothing overflows sideways
AssertionError: expected 4 to be 3 // Object.is equality

- Expected
+ Received

- 3
+ 4

 ❯ task-files.e2e.ts:190:55
    188|       ),
    189|     ).toBe(true)
    190|     expect(browser.count('[data-slot="run-tabs"] a')).toBe(3)
       |                                                       ^
    191|     expect(browser.evaluate(`document.documentElement.scrollWidth <= w…
    192|

⎯⎯⎯⎯⎯⎯⎯⎯⎯⎯⎯⎯⎯⎯⎯⎯⎯⎯⎯⎯⎯⎯[11/12]⎯

 FAIL  |e2e| task-thread.e2e.ts > task thread > tabs point at the routed Session/Changes/Files surfaces; the done run offers the closed-run actions
AssertionError: expected [ { current: 'page', …(2) }, …(3) ] to deeply equal [ { text: 'Session', …(2) }, …(2) ]

- Expected
+ Received

@@ -9,9 +9,14 @@
      "href": "/tasks/fcd519dd-5641-45d6-a9a2-d8eef6eed2e3/changes",
      "text": "Changes",
    },
    {
      "current": null,
+     "href": "/tasks/fcd519dd-5641-45d6-a9a2-d8eef6eed2e3/commits",
+     "text": "Commits",
+   },
+   {
+     "current": null,
      "href": "/tasks/fcd519dd-5641-45d6-a9a2-d8eef6eed2e3/files",
      "text": "Files",
    },
  ]

 ❯ task-thread.e2e.ts:346:18
    344|       current: a.getAttribute('aria-current'),
    345|     }))`) as Array<{ text: string; href: string; current: string | nul…
    346|     expect(tabs).toEqual([
       |                  ^
    347|       { text: 'Session', href: `/tasks/${RUN_ID}`, current: 'page' },
    348|       { text: 'Changes', href: `/tasks/${RUN_ID}/changes`, current: nu…

⎯⎯⎯⎯⎯⎯⎯⎯⎯⎯⎯⎯⎯⎯⎯⎯⎯⎯⎯⎯⎯⎯[12/12]⎯


 Test Files  10 failed | 14 passed (24)
      Tests  11 failed | 149 passed | 4 skipped (164)
   Start at  05:49:09
   Duration  143.35s (transform 366ms, setup 0ms, import 787ms, tests 139.46s, environment 2ms)

TEST_E2E_STATUS=failed
