
- Expected
+ Received

  {
    "name": "e2e-wb-flow",
    "skills": [
-     "e2e-wb-beta",
      "e2e-wb-alpha",
+     "e2e-wb-beta",
    ],
  }

 ❯ workflows.e2e.ts:114:17
    112|     // The exported artifact on disk IS the compact portable form.
    113|     const doc = parse(readFileSync(savedFlowPath, 'utf8')) as Record<s…
    114|     expect(doc).toEqual({ name: FLOW, skills: [BETA, ALPHA] })
       |                 ^
    115|
    116|     // The catalog refetched: the new chain has a chip, and Delete now…

⎯⎯⎯⎯⎯⎯⎯⎯⎯⎯⎯⎯⎯⎯⎯⎯⎯⎯⎯⎯⎯⎯⎯⎯[5/5]⎯


 Test Files  3 failed | 18 passed (21)
      Tests  5 failed | 138 passed (143)
   Start at  14:00:52
   Duration  114.47s (transform 191ms, setup 0ms, import 398ms, tests 112.43s, environment 1ms)

TEST_E2E_STATUS=failed
